// Jest Snapshot v1, https://goo.gl/fbAQLP

exports[`<LoginAndRegisterTitle/> renders correctly 1`] = `
<View
  style={
    Object {
      "alignItems": "center",
      "justifyContent": "flex-start",
    }
  }
>
  <Text
    style={
      Object {
        "color": "white",
        "fontSize": 81,
      }
    }
  />
</View>
`;
