// Jest Snapshot v1, https://goo.gl/fbAQLP

exports[`<RegistrationEntry/> renders correctly 1`] = `
<TextInput
  allowFontScaling={true}
  autoFocus={false}
  onSubmitEditing={[Function]}
  rejectResponderTermination={true}
  style={
    Object {
      "backgroundColor": "red",
      "width": "100%",
    }
  }
  underlineColorAndroid="transparent"
/>
`;
